// Jest Snapshot v1, https://goo.gl/fbAQLP

exports[`Компонент Seo: должен иметь базовую разметку JSX: должен соответствовать снепшоту разметки 1`] = `
<Seo
  title="TestString"
>
  <HelmetWrapper
    defer={true}
    encodeSpecialCharacters={true}
  >
    <SideEffect(NullComponent)
      defer={true}
      encodeSpecialCharacters={true}
      title="TestString"
      titleAttributes={Object {}}
    >
      <NullComponent
        defer={true}
        encodeSpecialCharacters={true}
        title="TestString"
        titleAttributes={Object {}}
      />
    </SideEffect(NullComponent)>
  </HelmetWrapper>
</Seo>
`;
